---
source: crates/ark/src/lsp/diagnostics.rs
expression: diagnostic.message
---
Syntax error
