---
source: crates/ark/src/view.rs
expression: doc
---
URI: ark:ark-*pid*/namespace/base.R
