---
source: crates/ark/src/view.rs
expression: doc
---
URI: ark:ark-*pid*/global/unknown.R

function (arg) 
body
